2026-07-25 10:37:58 | INFO     | modules.embeddings | Using HuggingFace multilingual embeddings: sentence-transformers/paraphrase-multilingual-mpnet-base-v2
2026-07-25 10:38:22 | INFO     | modules.vectordb | Chroma vector store ready at 'D:\AI-Inceptionbd(25 october 2025)\Universal-RAG\chroma_db' (collection='universal_rag_business')
2026-07-25 10:40:43 | INFO     | universal_rag | Saved uploaded file '01_company_profile_demo.pdf' -> D:\AI-Inceptionbd(25 october 2025)\Universal-RAG\data\pdf\01_company_profile_demo.pdf
2026-07-25 10:40:46 | INFO     | modules.loaders | Loaded PDF '01_company_profile_demo.pdf' -> 2 page(s)
2026-07-25 10:40:46 | INFO     | universal_rag | Saved uploaded file '02_employee_handbook_demo.pdf' -> D:\AI-Inceptionbd(25 october 2025)\Universal-RAG\data\pdf\02_employee_handbook_demo.pdf
2026-07-25 10:40:47 | INFO     | modules.loaders | Loaded PDF '02_employee_handbook_demo.pdf' -> 2 page(s)
2026-07-25 10:40:47 | INFO     | universal_rag | Saved uploaded file '03_hr_policy_manual_demo.pdf' -> D:\AI-Inceptionbd(25 october 2025)\Universal-RAG\data\pdf\03_hr_policy_manual_demo.pdf
2026-07-25 10:40:47 | INFO     | modules.loaders | Loaded PDF '03_hr_policy_manual_demo.pdf' -> 1 page(s)
2026-07-25 10:40:47 | INFO     | universal_rag | Saved uploaded file '04_leave_policy_demo.pdf' -> D:\AI-Inceptionbd(25 october 2025)\Universal-RAG\data\pdf\04_leave_policy_demo.pdf
2026-07-25 10:40:48 | INFO     | modules.loaders | Loaded PDF '04_leave_policy_demo.pdf' -> 1 page(s)
2026-07-25 10:40:48 | INFO     | universal_rag | Saved uploaded file 'Olympic_Enterprise_RAG_Demo_Documents.pdf' -> D:\AI-Inceptionbd(25 october 2025)\Universal-RAG\data\pdf\Olympic_Enterprise_RAG_Demo_Documents.pdf
2026-07-25 10:40:49 | INFO     | modules.loaders | Loaded PDF 'Olympic_Enterprise_RAG_Demo_Documents.pdf' -> 2 page(s)
2026-07-25 10:40:49 | INFO     | universal_rag | Saved uploaded file 'Olympic_Industries_PLC_Professional_Report.docx' -> D:\AI-Inceptionbd(25 october 2025)\Universal-RAG\data\docx\Olympic_Industries_PLC_Professional_Report.docx
2026-07-25 10:40:51 | INFO     | modules.loaders | Loaded DOCX 'Olympic_Industries_PLC_Professional_Report.docx'
2026-07-25 10:40:51 | INFO     | universal_rag | Saved uploaded file 'Olympic_Industries_Sample_Policy_Dataset.pdf' -> D:\AI-Inceptionbd(25 october 2025)\Universal-RAG\data\pdf\Olympic_Industries_Sample_Policy_Dataset.pdf
2026-07-25 10:40:55 | INFO     | modules.loaders | Loaded PDF 'Olympic_Industries_Sample_Policy_Dataset.pdf' -> 48 page(s)
2026-07-25 10:40:55 | INFO     | modules.splitter | split_documents: 57 docs -> 160 chunks
2026-07-25 10:41:31 | INFO     | modules.vectordb | add_documents: added 6 new chunk(s) to the vector store
2026-07-25 10:42:14 | INFO     | modules.rag_chain | [9928d64e-cb05-4326-8fcc-7840d91207bc] Question detected as 'en': hi
2026-07-25 10:42:14 | INFO     | modules.retriever | Building retriever: type=mmr, k=5, filter=None
2026-07-25 10:42:54 | INFO     | modules.rag_chain | [9928d64e-cb05-4326-8fcc-7840d91207bc] Question detected as 'en': hi ? how are you?
2026-07-25 10:42:54 | INFO     | modules.retriever | Building retriever: type=mmr, k=5, filter=None
2026-07-25 10:45:14 | INFO     | modules.rag_chain | [9928d64e-cb05-4326-8fcc-7840d91207bc] Question detected as 'en': Tell me about  the olympic Industris lmd?
2026-07-25 10:45:14 | INFO     | modules.retriever | Building retriever: type=mmr, k=5, filter=None
2026-07-25 10:46:52 | INFO     | modules.rag_chain | [9928d64e-cb05-4326-8fcc-7840d91207bc] Question detected as 'en': Tell me table of contents
2026-07-25 10:46:52 | INFO     | modules.retriever | Building retriever: type=mmr, k=5, filter=None
2026-07-25 10:48:04 | INFO     | modules.website_loader | Loaded website 'https://olympicbd.com' -> 3 characters
2026-07-25 10:48:04 | INFO     | modules.splitter | split_documents: 1 docs -> 1 chunks
2026-07-25 10:48:04 | INFO     | modules.vectordb | add_documents: nothing new to add (all chunks already indexed)
2026-07-25 10:48:23 | INFO     | modules.rag_chain | [9928d64e-cb05-4326-8fcc-7840d91207bc] Question detected as 'en': WHY BE A PART OF OLYMPIC FAMILY?
2026-07-25 10:48:23 | INFO     | modules.retriever | Building retriever: type=mmr, k=5, filter=None
2026-07-25 10:50:47 | INFO     | modules.embeddings | Using HuggingFace multilingual embeddings: sentence-transformers/paraphrase-multilingual-mpnet-base-v2
2026-07-25 10:51:02 | INFO     | modules.vectordb | Chroma vector store ready at 'D:\AI-Inceptionbd(25 october 2025)\Universal-RAG\chroma_db' (collection='universal_rag_business')
2026-07-25 10:51:32 | INFO     | modules.rag_chain | [14c6c44e-d401-49c8-9dee-77533ecd5968] Question detected as 'en': What's your name?
2026-07-25 10:51:32 | INFO     | modules.retriever | Building retriever: type=mmr, k=5, filter=None
2026-07-25 10:59:38 | INFO     | modules.embeddings | Using HuggingFace multilingual embeddings: sentence-transformers/paraphrase-multilingual-mpnet-base-v2
2026-07-25 10:59:58 | INFO     | modules.vectordb | Chroma vector store ready at 'D:\AI-Inceptionbd(25 october 2025)\Universal-RAG\chroma_db' (collection='universal_rag_business')
2026-07-25 11:00:36 | INFO     | modules.rag_chain | [38239c13-ea2f-4e97-b365-8bf6b26ee011] Question detected as 'en': hi how are you
2026-07-25 11:00:36 | INFO     | modules.retriever | Building retriever: type=mmr, k=5, filter=None
2026-07-25 11:09:28 | INFO     | modules.embeddings | Using HuggingFace multilingual embeddings: sentence-transformers/paraphrase-multilingual-mpnet-base-v2
2026-07-25 11:09:43 | INFO     | modules.vectordb | Chroma vector store ready at 'D:\AI-Inceptionbd(25 october 2025)\Universal-RAG\chroma_db' (collection='universal_rag_business')
2026-07-25 11:10:28 | INFO     | modules.rag_chain | [027c8edf-54e5-4fb4-b53c-50162274ece1] Question detected as 'en': how are you?
2026-07-25 11:10:28 | INFO     | modules.retriever | Building retriever: type=mmr, k=5, filter=None
2026-07-25 11:19:56 | INFO     | modules.embeddings | Using HuggingFace multilingual embeddings: sentence-transformers/paraphrase-multilingual-mpnet-base-v2
2026-07-25 11:20:10 | INFO     | modules.vectordb | Chroma vector store ready at 'D:\AI-Inceptionbd(25 october 2025)\Universal-RAG\chroma_db' (collection='universal_rag_business')
2026-07-25 11:24:26 | INFO     | modules.embeddings | Using HuggingFace multilingual embeddings: sentence-transformers/paraphrase-multilingual-mpnet-base-v2
2026-07-25 11:24:39 | INFO     | modules.vectordb | Chroma vector store ready at 'D:\AI-Inceptionbd(25 october 2025)\Universal-RAG\chroma_db' (collection='universal_rag_business')
2026-07-25 11:25:54 | INFO     | modules.rag_chain | [9f65b416-7691-4f35-8709-2ae23cb66d73] Question detected as 'en': hey whats going on?
2026-07-25 11:25:54 | INFO     | modules.retriever | Building retriever: type=mmr, k=5, filter=None
2026-07-25 11:32:08 | INFO     | modules.embeddings | Using HuggingFace multilingual embeddings: sentence-transformers/paraphrase-multilingual-mpnet-base-v2
2026-07-25 11:32:23 | INFO     | modules.vectordb | Chroma vector store ready at 'D:\AI-Inceptionbd(25 october 2025)\Universal-RAG\chroma_db' (collection='universal_rag_business')
2026-07-25 11:32:43 | INFO     | modules.rag_chain | [ca62e821-26ac-4d49-9a6e-faecb60288c8] Question detected as 'en': hi
2026-07-25 11:32:43 | INFO     | modules.retriever | Building retriever: type=mmr, k=5, filter=None
2026-07-25 11:33:29 | INFO     | modules.rag_chain | [ca62e821-26ac-4d49-9a6e-faecb60288c8] Question detected as 'en': give me some ML interviews questions?
2026-07-25 11:33:29 | INFO     | modules.retriever | Building retriever: type=mmr, k=5, filter=None
2026-07-25 11:33:52 | INFO     | modules.rag_chain | [ca62e821-26ac-4d49-9a6e-faecb60288c8] Question detected as 'en': yes
2026-07-25 11:33:52 | INFO     | modules.retriever | Building retriever: type=mmr, k=5, filter=None
2026-07-25 11:43:27 | INFO     | modules.website_loader | Loaded website 'https://seanpublication.com/' -> 5820 characters
2026-07-25 11:43:27 | INFO     | modules.splitter | split_documents: 1 docs -> 7 chunks
2026-07-25 11:43:42 | INFO     | modules.vectordb | add_documents: added 7 new chunk(s) to the vector store
2026-07-25 11:44:26 | INFO     | modules.rag_chain | [ca62e821-26ac-4d49-9a6e-faecb60288c8] Question detected as 'bn': sean publication theke নতুন প্রকাশিত বই boi er nam bolo
2026-07-25 11:44:26 | INFO     | modules.retriever | Building retriever: type=mmr, k=5, filter=None
2026-07-25 11:46:11 | INFO     | modules.website_loader | Loaded website 'https://olympicbd.com/' -> 3 characters
2026-07-25 11:46:11 | INFO     | modules.splitter | split_documents: 1 docs -> 1 chunks
2026-07-25 11:46:11 | INFO     | modules.vectordb | add_documents: nothing new to add (all chunks already indexed)
2026-07-25 11:46:38 | INFO     | modules.rag_chain | [ca62e821-26ac-4d49-9a6e-faecb60288c8] Question detected as 'en': WHY BE A PART OF OLYMPIC FAMILY?
2026-07-25 11:46:38 | INFO     | modules.retriever | Building retriever: type=mmr, k=5, filter=None
2026-07-25 11:47:35 | WARNING  | modules.website_loader | No readable text extracted from 'https://olympicbd.com/investors/bsec-dse-cse'
2026-07-25 11:48:10 | INFO     | modules.rag_chain | [ca62e821-26ac-4d49-9a6e-faecb60288c8] Question detected as 'en': Olympic Industries PLC somporke ki jano?
2026-07-25 11:48:10 | INFO     | modules.retriever | Building retriever: type=mmr, k=5, filter=None
2026-07-25 11:49:11 | INFO     | modules.loaders | Loaded PDF '01_company_profile_demo.pdf' -> 2 page(s)
2026-07-25 11:49:11 | INFO     | modules.loaders | Loaded PDF '02_employee_handbook_demo.pdf' -> 2 page(s)
2026-07-25 11:49:11 | INFO     | modules.loaders | Loaded PDF '03_hr_policy_manual_demo.pdf' -> 1 page(s)
2026-07-25 11:49:11 | INFO     | modules.loaders | Loaded PDF '04_leave_policy_demo.pdf' -> 1 page(s)
2026-07-25 11:49:15 | INFO     | modules.loaders | Loaded PDF 'ML_Interview_Questions_Answers_Bilingual.pdf' -> 32 page(s)
2026-07-25 11:49:16 | INFO     | modules.loaders | Loaded PDF 'Nakib Islam.pdf' -> 2 page(s)
2026-07-25 11:49:16 | INFO     | modules.loaders | Loaded PDF 'Olympic_Enterprise_RAG_Demo_Documents.pdf' -> 2 page(s)
2026-07-25 11:49:17 | INFO     | modules.loaders | Loaded PDF 'Olympic_Industries_Sample_Policy_Dataset.pdf' -> 48 page(s)
2026-07-25 11:49:17 | INFO     | modules.loaders | Loaded DOCX 'Olympic_Industries_PLC_Professional_Report.docx'
2026-07-25 11:49:17 | INFO     | modules.loaders | load_directory: loaded 91 document chunks total from D:\AI-Inceptionbd(25 october 2025)\Universal-RAG\data
2026-07-25 11:49:17 | INFO     | modules.splitter | split_documents: 91 docs -> 252 chunks
2026-07-25 11:49:17 | INFO     | modules.vectordb | add_documents: nothing new to add (all chunks already indexed)
2026-07-25 11:49:31 | INFO     | modules.loaders | Loaded PDF '01_company_profile_demo.pdf' -> 2 page(s)
2026-07-25 11:49:31 | INFO     | modules.loaders | Loaded PDF '02_employee_handbook_demo.pdf' -> 2 page(s)
2026-07-25 11:49:31 | INFO     | modules.loaders | Loaded PDF '03_hr_policy_manual_demo.pdf' -> 1 page(s)
2026-07-25 11:49:31 | INFO     | modules.loaders | Loaded PDF '04_leave_policy_demo.pdf' -> 1 page(s)
2026-07-25 11:49:35 | INFO     | modules.loaders | Loaded PDF 'ML_Interview_Questions_Answers_Bilingual.pdf' -> 32 page(s)
2026-07-25 11:49:36 | INFO     | modules.loaders | Loaded PDF 'Nakib Islam.pdf' -> 2 page(s)
2026-07-25 11:49:36 | INFO     | modules.loaders | Loaded PDF 'Olympic_Enterprise_RAG_Demo_Documents.pdf' -> 2 page(s)
2026-07-25 11:49:36 | INFO     | modules.loaders | Loaded PDF 'Olympic_Industries_Sample_Policy_Dataset.pdf' -> 48 page(s)
2026-07-25 11:49:36 | INFO     | modules.loaders | Loaded DOCX 'Olympic_Industries_PLC_Professional_Report.docx'
2026-07-25 11:49:36 | INFO     | modules.loaders | load_directory: loaded 91 document chunks total from D:\AI-Inceptionbd(25 october 2025)\Universal-RAG\data
2026-07-25 11:49:36 | INFO     | modules.splitter | split_documents: 91 docs -> 252 chunks
2026-07-25 11:49:36 | INFO     | modules.vectordb | add_documents: nothing new to add (all chunks already indexed)
